python : Creating test database 
for alias 'default'...
At line:1 char:1
+ python manage.py test 
mainapp.tests.api.test_get_model 
> test_output. ...
+ ~~~~~~~~~~~~~~~~~~~~~~~~~~~~~~~~
~~~~~~~~~~~~~~~~~~~~~~~~~~~~~~~~~~
~~~
    + CategoryInfo          : Not 
   Specified: (Creating test d..  
  .as 'default'...:String) [],    
 RemoteException
    + FullyQualifiedErrorId : Nat 
   iveCommandError
 

Found 3 test(s).
Got an error creating the test 
database: database 
"test_dm3r_dev" already exists

